

kawpowminer 1.3.0+commit.0eee1a8b
Build: linux/release/gnu

 i 13:22:04 kawpowminer Selected pool localhost:0
 i 13:22:04 kawpowminer Established connection to localhost:0
 i 13:22:04 kawpowminer Spinning up miners...
cu 13:22:04 cuda-0    Using Pci Id : 01:00.0 NVIDIA GeForce RTX 3070 Ti (Compute 8.6) Memory : 7.66 GB
 i 13:22:04 sim       Epoch : 133 Difficulty : 4.29 Gh
 i 13:22:04 sim       Job: ba23266c… block 1000000 localhost:0
 i 13:22:05 sim       Using block 1,000,000, difficulty 1
cu 13:22:05 cuda-0    Generating DAG + Light : 2.07 GB
cu 13:22:08 cuda-0    Generated DAG + Light in 3,386 ms. 5.59 GB left.
cu 13:22:08 cuda-0    Pre-compiled period 333,333 CUDA ProgPow kernel for arch 8.6
cu 13:22:08 cuda-0    Launching period 333,333 ProgPow kernel
cu 13:22:09 cuda-0    Pre-compiled period 333,334 CUDA ProgPow kernel for arch 8.6
 m 13:22:34 kawpowminer 0:00 A0 35.26 Mh - cu0 35.26
 m 13:23:04 kawpowminer 0:01 A0 35.26 Mh - cu0 35.26
cu 13:23:21 cuda-0    Job: ba23266c… Sol: 0x78a176ae79f2d523 found in 72.54 sec
 i 13:23:21 kawpowminer **Accepted  17 ms. localhost:0
 m 13:23:34 kawpowminer 0:01 A1 35.26 Mh - cu0 35.26
 m 13:24:04 kawpowminer 0:02 A1 35.26 Mh - cu0 35.26
cu 13:24:33 cuda-0    Job: ba23266c… Sol: 0x78a176af11259a47 found in 144.47 sec
 i 13:24:33 kawpowminer **Accepted  17 ms. localhost:0
 m 13:24:34 kawpowminer 0:02 A2 35.26 Mh - cu0 35.26
 m 13:25:04 kawpowminer 0:03 A2 35.26 Mh - cu0 35.26
 m 13:25:34 kawpowminer 0:03 A2 35.27 Mh - cu0 35.27
cu 13:25:55 cuda-0    Job: ba23266c… Sol: 0x78a176afbd705545 found in 226.44 sec
 i 13:25:55 kawpowminer **Accepted  17 ms. localhost:0
cu 13:26:02 cuda-0    Job: ba23266c… Sol: 0x78a176afcc9caefb found in 233.66 sec
 i 13:26:02 kawpowminer **Accepted   6 ms. localhost:0
 m 13:26:04 kawpowminer 0:04 A4 35.27 Mh - cu0 35.27
 m 13:26:34 kawpowminer 0:04 A4 35.26 Mh - cu0 35.26
 m 13:27:04 kawpowminer 0:05 A4 35.26 Mh - cu0 35.26
 m 13:27:34 kawpowminer 0:05 A4 35.27 Mh - cu0 35.27
 m 13:28:04 kawpowminer 0:06 A4 35.26 Mh - cu0 35.26
 m 13:28:34 kawpowminer 0:06 A4 35.26 Mh - cu0 35.26
 i 13:29:04 main      Got interrupt ...
 i 13:29:04 main      Simulation results : Max 35.265460 Mh Mean 35.263344 Mh
 i 13:29:04 main      Disconnected from localhost:0
 i 13:29:04 main      Shutting down miners...
 i 13:29:04 main      Terminated!


